\BOOKMARK [1][-]{section.1}{\376\377\137\025\212\000}{}% 1
\BOOKMARK [1][-]{section.2}{\376\377\166\370\121\163\135\345\117\134}{}% 2
\BOOKMARK [2][-]{subsection.2.1}{\376\377\201\021\165\065\166\153\165\353\150\300\155\113\116\055\166\204\152\041\127\213\217\173\221\317\123\026}{section.2}% 3
\BOOKMARK [2][-]{subsection.2.2}{\376\377\154\350\141\017\122\233\147\072\122\066\127\050\201\021\165\065\122\006\147\220\116\055\166\204\136\224\165\050}{section.2}% 4
\BOOKMARK [1][-]{section.3}{\376\377\227\142\124\021\217\173\221\317\123\026\220\350\177\162\166\204\154\350\141\017\122\233\130\236\137\072\145\271\154\325}{}% 5
\BOOKMARK [2][-]{subsection.3.1}{\376\377\213\276\213\241\123\237\122\031\116\016\176\246\147\137}{section.3}% 6
\BOOKMARK [2][-]{subsection.3.2}{\376\377\225\356\230\230\137\142\137\017\123\026}{section.3}% 7
\BOOKMARK [2][-]{subsection.3.3}{\376\377\232\250\136\162\177\121\176\334\220\011\127\213\377\032\000E\000E\000G\000N\000e\000t}{section.3}% 8
\BOOKMARK [2][-]{subsection.3.4}{\376\377\154\350\141\017\122\233\130\236\137\072\152\041\127\127}{section.3}% 9
\BOOKMARK [3][-]{subsubsection.3.4.1}{\376\377\220\032\220\123\154\350\141\017\122\233\152\041\127\127\377\010\000C\000A\000M\377\011\040\024\040\024\000\040\165\065\147\201\176\247\173\133\220\011}{subsection.3.4}% 10
\BOOKMARK [3][-]{subsubsection.3.4.2}{\376\377\172\172\225\364\154\350\141\017\122\233\152\041\127\127\377\010\000S\000A\000M\377\011\040\024\040\024\000\040\145\366\153\265\176\247\133\232\117\115}{subsection.3.4}% 11
\BOOKMARK [3][-]{subsubsection.3.4.3}{\376\377\162\171\137\201\176\247\154\350\141\017\122\233\152\041\127\127\377\010\000F\000A\377\011\040\024\040\024\000\040\213\355\116\111\176\247\221\315\150\007\133\232}{subsection.3.4}% 12
\BOOKMARK [2][-]{subsection.3.5}{\376\377\123\302\145\160\130\236\221\317\154\107\140\073}{section.3}% 13
\BOOKMARK [1][-]{section.4}{\376\377\133\236\232\214\213\276\177\156}{}% 14
\BOOKMARK [2][-]{subsection.4.1}{\376\377\145\160\143\156\226\306}{section.4}% 15
\BOOKMARK [2][-]{subsection.4.2}{\376\377\230\204\131\004\164\006}{section.4}% 16
\BOOKMARK [2][-]{subsection.4.3}{\376\377\133\371\153\324\152\041\127\213}{section.4}% 17
\BOOKMARK [2][-]{subsection.4.4}{\376\377\133\236\163\260\176\306\202\202}{section.4}% 18
\BOOKMARK [1][-]{section.5}{\376\377\133\236\232\214\176\323\147\234\116\016\122\006\147\220}{}% 19
\BOOKMARK [2][-]{subsection.5.1}{\376\377\217\173\221\317\123\026\116\016\140\047\200\375\166\204\136\025\175\057\142\130\122\006\147\220}{section.5}% 20
\BOOKMARK [2][-]{subsection.5.2}{\376\377\217\271\172\357\220\350\177\162\123\357\210\114\140\047\122\006\147\220}{section.5}% 21
\BOOKMARK [2][-]{subsection.5.3}{\376\377\155\367\155\306\167\351\226\065\116\016\213\357\142\245\000/\157\017\142\245\122\006\147\220}{section.5}% 22
\BOOKMARK [2][-]{subsection.5.4}{\376\377\154\350\141\017\122\233\147\103\221\315\166\204\123\357\211\343\221\312\140\047\232\214\213\301}{section.5}% 23
\BOOKMARK [2][-]{subsection.5.5}{\376\377\123\302\145\160\137\000\225\000\040\024\140\047\200\375\215\041\163\056\166\204\155\210\207\215\122\006\147\220}{section.5}% 24
\BOOKMARK [1][-]{section.6}{\376\377\213\250\213\272}{}% 25
\BOOKMARK [2][-]{subsection.6.1}{\376\377\154\350\141\017\122\233\130\236\137\072\000\040\000v\000s\000.\000\040\177\121\176\334\122\240\155\361\377\032\116\044\171\315\143\320\123\107\215\357\137\204\166\204\133\371\153\324}{section.6}% 26
\BOOKMARK [2][-]{subsection.6.2}{\376\377\134\100\226\120\140\047\116\016\147\052\147\145\135\345\117\134}{section.6}% 27
\BOOKMARK [1][-]{section.7}{\376\377\176\323\213\272}{}% 28
